
> @liner-notes/agent@0.1.0 editorial
> tsx src/editorial.ts

  editorial session — model sonar-pro, budget cap 50 artists, run kh765xrgxxvtq4735d8vvkqw998bwcks
  source registry: pitchfork.com, allmusic.com, daily.bandcamp.com, thequietus.com, npr.org
  worklist: 50 most-played artists not yet scanned
  — Erykah Badu (486 spins)
    ✗ "Questlove" not in catalog — no edge (collaborated-with)
    ✓ Erykah Badu —collaborated-with→ D’Angelo  “The Soulquarians: The Collaboration Between Erykah Badu, Questlove, D’…”
    ✓ Erykah Badu —influenced-by→ Yasiin Bey  “influencing rappers like Mos Def (who sampled Badu on *Black on Both S…”
    ✓ Erykah Badu —influenced-by→ Janelle Monáe  “it’s an influence that reverberates still through Janelle Monàe, Solan…”
    ✗ "Solange" not in catalog — no edge (influenced-by)
    ✗ "D.R.A.M." not in catalog — no edge (influenced-by)
    ✗ "André 3000" not in catalog — no edge (collaborated-with)
    ✓ Erykah Badu —collaborated-with→ Yasiin Bey  “features support from Yasiin Bey.…”
  — Holy Pinto (430 spins)
    ✓ Holy Pinto —influenced-by→ The Promise Ring  “His 2016 debut, Congratulations, features a tribute to The Promise Rin…”
    ✗ "Maritime" not in catalog — no edge (influenced-by)
  — Fever Marlene (403 spins)
  — Gold Steps (403 spins)
  — Frank Ocean (377 spins)
    ✗ "David Bowie" not in catalog — no edge (collaborated-with)
    ✗ "Kanye West" not in catalog — no edge (collaborated-with)
    ✗ "Jamie xx" not in catalog — no edge (collaborated-with)
    ✓ Frank Ocean —collaborated-with→ Kendrick Lamar  “An “album contributors” section from his corresponding “Boys Don’t Cry…”
    ✓ Frank Ocean —collaborated-with→ Beyoncé  “Frank Ocean has written songs for Beyonce, Justin Bieber, and John Leg…”
    ✗ "Justin Bieber" not in catalog — no edge (collaborated-with)
    ✗ "John Legend" not in catalog — no edge (collaborated-with)
    ✗ "Calvin Harris" not in catalog — no edge (collaborated-with)
    ✗ "Migos" not in catalog — no edge (collaborated-with)
    ✓ Frank Ocean —collaborated-with→ JAŸ-Z  “Hear Frank Ocean's New Song 'Biking,' Featuring Jay Z And Tyler, The C…”
    ✓ Frank Ocean —collaborated-with→ Tyler, The Creator  “Hear Frank Ocean's New Song 'Biking,' Featuring Jay Z And Tyler, The C…”
    ✓ Frank Ocean —collaborated-with→ James Blake  “When Frank Ocean released his visual album *Endless* in August, Alex G…”
    ✗ "Jonny Greenwood" not in catalog — no edge (collaborated-with)
    ✗ "Patti LaBelle" not in catalog — no edge (compared-to)
    ✗ "Babyface" not in catalog — no edge (compared-to)
    ✗ "Young Thug" not in catalog — no edge (compared-to)
    ✗ "Death Grips" not in catalog — no edge (compared-to)
  — Jill Scott (373 spins)
    ✗ "Anthony Hamilton" not in catalog — no edge (collaborated-with)
    ✓ Jill Scott —collaborated-with→ Eve  “Shame feat. Eve…”
    ✗ "Doug E. Fresh" not in catalog — no edge (collaborated-with)
    ✗ "Paul Wall" not in catalog — no edge (collaborated-with)
    ✗ "Maha Adachi Earth" not in catalog — no edge (collaborated-with)
    ✗ "Trombone Shorty" not in catalog — no edge (collaborated-with)
    ✗ "JID" not in catalog — no edge (collaborated-with)
    ✗ "Too $hort" not in catalog — no edge (collaborated-with)
    ✓ Jill Scott —collaborated-with→ Tierra Whack  “Later in the album, there are appearances from West Coast hip-hop pion…”
    ✗ "Soul J.I." not in catalog — no edge (collaborated-with)
    ✗ "Ti Whack" not in catalog — no edge (collaborated-with)
    ✗ "Too $hort" not in catalog — no edge (collaborated-with)
    ✗ "Om'Mas Keith" not in catalog — no edge (collaborated-with)
    ✗ "DJ Premier" not in catalog — no edge (collaborated-with)
    ✗ "Trombone Shorty" not in catalog — no edge (collaborated-with)
  — James Blake (359 spins)
    ✗ "Mala" not in catalog — no edge (influenced-by)
    ✓ James Blake —influenced-by→ Sam Cooke  “James Blake about one song that changed the singer's life, Blake's res…”
    ✗ "Joy Orbison" not in catalog — no edge (influenced-by)
    ✗ "Erik Satie" not in catalog — no edge (influenced-by)
    ✗ "Art Tatum" not in catalog — no edge (influenced-by)
    ✓ James Blake —influenced-by→ Frank Ocean  “Ocean (who he names as *Colour*’s biggest influence)…”
    ✓ James Blake —influenced-by→ Bon Iver  “The artist found inspiration in Joni Mitchell's Blue, singer-songwrite…”
    ✗ "Laura Marling" not in catalog — no edge (influenced-by)
    ✗ "Joni Mitchell" not in catalog — no edge (influenced-by)
    ✗ "Feist" not in catalog — no edge (influenced-by)
    ✗ "Simon & Garfunkel" not in catalog — no edge (influenced-by)
    ✓ James Blake —influenced-by→ Aaliyah  “The title track of 2010's *CMYK* EP... creatively samples both Kelis a…”
    ✗ "Kelis" not in catalog — no edge (influenced-by)
    ✓ James Blake —influenced-by→ Destiny’s Child  “And then there are Blake's remixes, typically under his Harmonimix ali…”
    ✓ James Blake —influenced-by→ Beyoncé  “And then there are Blake's remixes, typically under his Harmonimix ali…”
    ✗ "Outkast" not in catalog — no edge (influenced-by)
    ✗ "Gorillaz" not in catalog — no edge (influenced-by)
    ✓ James Blake —influenced-by→ D’Angelo  “And then there are Blake's remixes... Outkast, Gorillaz, D'Angelo, and…”
    ✓ James Blake —influenced-by→ Kendrick Lamar  “And then there are Blake's remixes... Outkast, Gorillaz, D'Angelo, and…”
    ✗ "Burial" not in catalog — no edge (influenced-by)
    ✗ "Brian Eno" not in catalog — no edge (collaborated-with)
    ✗ "RZA" not in catalog — no edge (collaborated-with)
    ✗ "Justin Vernon" not in catalog — no edge (collaborated-with)
    ✗ "Justin Vernon" not in catalog — no edge (collaborated-with)
    ✓ James Blake —collaborated-with→ Bon Iver  “James Blake has recorded a song with Justin Vernon of Bon Iver.…”
    ✓ James Blake —collaborated-with→ Beyoncé  “Blake found himself recruited for projects from artists like Beyoncé, …”
    ✗ "Vince Staples" not in catalog — no edge (collaborated-with)
    ✗ "Kanye West" not in catalog — no edge (collaborated-with)
    ✗ "Drake" not in catalog — no edge (collaborated-with)
    ✗ "Rick Rubin" not in catalog — no edge (collaborated-with)
    ✗ "Connan Mockasin" not in catalog — no edge (collaborated-with)
    ✗ "Travis Scott" not in catalog — no edge (collaborated-with)
    ✗ "Metro Boomin" not in catalog — no edge (collaborated-with)
    ✓ James Blake —collaborated-with→ Moses Sumney  “the early songs of his friend and past collaborator Moses Sumney come …”
    ✗ "Justin Vernon" not in catalog — no edge (influenced-by)
  — Gabriel Garzón‐Montano (355 spins)
    ✗ "Philip Glass" not in catalog — no edge (influenced-by)
    ✗ "Drake" not in catalog — no edge (collaborated-with)
    ✗ "Drake" not in catalog — no edge (collaborated-with)
    ✗ "Drake" not in catalog — no edge (collaborated-with)
    ✗ "Sly & Robbie" not in catalog — no edge (influenced-by)
    ✗ "J Balvin" not in catalog — no edge (influenced-by)
    ✗ "Tego Calderón" not in catalog — no edge (influenced-by)
    ✗ "Daddy Yankee" not in catalog — no edge (influenced-by)
    ✓ Gabriel Garzón‐Montano —collaborated-with→ Little Simz  “Over the past few months, he's partnered with female rappers from acro…”
    ✗ "Junglepussy" not in catalog — no edge (collaborated-with)
    ✗ "Lenny Kravitz" not in catalog — no edge (collaborated-with)
  — Josh Evert (341 spins)
  — Jidenna (339 spins)
    ✓ Jidenna —collaborated-with→ Janelle Monáe  “Janelle Monáe has shared a new single called "Yoga", a collaboration w…”
    ✓ Jidenna —collaborated-with→ Roman GianArthur Irvin  “Wondaland's roster includes Jidenna, Roman GianArthur, Deep Cotton, an…”
    ✗ "Deep Cotton" not in catalog — no edge (collaborated-with)
    ✗ "St. Beauty" not in catalog — no edge (collaborated-with)
    ✗ "Deep Cotton" not in catalog — no edge (collaborated-with)
    ✗ "St. Beauty" not in catalog — no edge (collaborated-with)
    ✗ "George 2.0" not in catalog — no edge (collaborated-with)
  — Ellie Jackson (338 spins)
  — Patrice Rushen (319 spins)
    ✗ "Stevie Wonder" not in catalog — no edge (collaborated-with)
    ✗ "Prince" not in catalog — no edge (collaborated-with)
    ✗ "Nancy Wilson" not in catalog — no edge (collaborated-with)
    ✗ "Michael Jackson" not in catalog — no edge (collaborated-with)
    ✗ "Dianne Reeves" not in catalog — no edge (collaborated-with)
    ✗ "Marian McPartland" not in catalog — no edge (collaborated-with)
    ✗ "Prince" not in catalog — no edge (collaborated-with)
    ✗ "George Michael" not in catalog — no edge (influenced-by)
    ✗ "Will Smith" not in catalog — no edge (influenced-by)
    ✗ "Diddy" not in catalog — no edge (influenced-by)
    ✗ "J Dilla" not in catalog — no edge (influenced-by)
    ✗ "Jermaine Dupri" not in catalog — no edge (influenced-by)
    ✗ "Prince Paul" not in catalog — no edge (influenced-by)
    ✗ "Q-Tip" not in catalog — no edge (influenced-by)
    ✗ "Knxwledge" not in catalog — no edge (influenced-by)
    ✗ "George Michael" not in catalog — no edge (influenced-by)
    ✗ "Will Smith" not in catalog — no edge (influenced-by)
  — Anderson .Paak (310 spins)
    ✗ "Smokey Robinson" not in catalog — no edge (collaborated-with)
    ✗ "Dr. Dre" not in catalog — no edge (collaborated-with)
    ✓ Anderson .Paak —collaborated-with→ Kendrick Lamar  “Anderson .Paak and Kendrick Lamar have shared their recently teased co…”
    ✗ "Knxwledge" not in catalog — no edge (collaborated-with)
    ✗ "The Game" not in catalog — no edge (collaborated-with)
    ✗ "Sonya Elise" not in catalog — no edge (collaborated-with)
    ✓ Anderson .Paak —collaborated-with→ Bruno Mars  “After the success of their sultry, '70s-inspired ballad "Leave the Doo…”
    ✗ "FKA Twigs" not in catalog — no edge (collaborated-with)
  — Celeste (305 spins)
  — GoldLink (300 spins)
    ✗ "Antonio "Zapaterro StrongMan" Nvuala" not in catalog — no edge (collaborated-with)
    ✗ "Jackson Wang" not in catalog — no edge (collaborated-with)
    ✗ "Ari PenSmith" not in catalog — no edge (collaborated-with)
    ✗ "Miguel" not in catalog — no edge (collaborated-with)
    ✗ "Shy Glizzy" not in catalog — no edge (collaborated-with)
    ✓ GoldLink —collaborated-with→ Brent Faiyaz  “The success of "Crew," GoldLink’s hometown team-up with Shy Glizzy and…”
    ✗ "Kali Uchis" not in catalog — no edge (collaborated-with)
    ✓ GoldLink —collaborated-with→ Anderson .Paak  “The DMV native has always excelled in the space between rapper and sin…”
    ✗ "Christina Aguilera" not in catalog — no edge (collaborated-with)
    ✗ "Jazmine Sullivan" not in catalog — no edge (collaborated-with)
    ✓ GoldLink —collaborated-with→ KAYTRANADA  “GoldLink: "Meditation" [ft. Jazmine Sullivan & Kaytranada]…”
    ✗ "April George" not in catalog — no edge (collaborated-with)
    ✗ "Louie Lastic" not in catalog — no edge (collaborated-with)
    ✗ "Rick Rubin" not in catalog — no edge (mentored-by)
    ✗ "stars of that era in hip-hop and R&B" not in catalog — no edge (influenced-by)
  — Syd (300 spins)
    ✗ "Steve Lacy" not in catalog — no edge (compared-to)
    ✗ "Odd Future" not in catalog — no edge (collaborated-with)
    ✓ Syd —collaborated-with→ Frank Ocean  “the pioneering Los Angeles rap collective Odd Future, which then launc…”
    ✓ Syd —collaborated-with→ Tyler, The Creator  “the pioneering Los Angeles rap collective Odd Future, which then launc…”
    ✗ "Earl Sweatshirt" not in catalog — no edge (collaborated-with)
    ✗ "Vince Staples" not in catalog — no edge (collaborated-with)
    ✓ Syd —collaborated-with→ Beyoncé  “She has also released two solo albums that mix trap-inflected soul and…”
    ✗ "Matt Martians" not in catalog — no edge (collaborated-with)
  — PJ Morton (300 spins)
    ✗ "Stevie Wonder" not in catalog — no edge (collaborated-with)
    ✗ "Stevie Wonder" not in catalog — no edge (influenced-by)
    ✗ "Paul S. Morton" not in catalog — no edge (mentored-by)
    ✗ "Lil Wayne" not in catalog — no edge (collaborated-with)
  — The Weeknd (296 spins)
    ✗ "Daft Punk" not in catalog — no edge (collaborated-with)
    ✓ The Weeknd —collaborated-with→ Kendrick Lamar  “Abel Tesfaye details the process of working with Kendrick Lamar on “Si…”
    ✗ "Daft Punk" not in catalog — no edge (collaborated-with)
    ✗ "Future" not in catalog — no edge (collaborated-with)
    ✗ "Lana Del Rey" not in catalog — no edge (collaborated-with)
    ✗ "FKA twigs" not in catalog — no edge (collaborated-with)
    ✗ "Travis Scott" not in catalog — no edge (collaborated-with)
    ✗ "Mike Dean" not in catalog — no edge (collaborated-with)
    ✗ "David Bowie" not in catalog — no edge (influenced-by)
    ✗ "Prince" not in catalog — no edge (influenced-by)
    ✗ "Lil Wayne" not in catalog — no edge (collaborated-with)
    ✓ The Weeknd —collaborated-with→ Tyler, The Creator  “It’s a set of sleek synth pop songs with guest appearances by Lil Wayn…”
    ✗ "Oneohtrix Point Never" not in catalog — no edge (collaborated-with)
    ✗ "Jim Carrey" not in catalog — no edge (collaborated-with)
    ✗ "Lil Wayne" not in catalog — no edge (collaborated-with)
    ✓ The Weeknd —collaborated-with→ Quincy Jones  “The album features contributions from Tyler, the Creator, Lil Wayne, Q…”
    ✗ "Oneohtrix Point Never" not in catalog — no edge (collaborated-with)
    ✗ "Jim Carrey" not in catalog — no edge (collaborated-with)
    ✗ "Swedish House Mafia" not in catalog — no edge (collaborated-with)
    ✗ "Max Martin" not in catalog — no edge (collaborated-with)
    ✗ "Calvin Harris" not in catalog — no edge (collaborated-with)
    ✗ "Guy Manuel de Homem-Christo" not in catalog — no edge (collaborated-with)
    ✗ "Skrillex" not in catalog — no edge (collaborated-with)
    ✗ "Frank Dukes" not in catalog — no edge (collaborated-with)
    ✗ "DaHeala" not in catalog — no edge (collaborated-with)
  — Tank and the Bangas (288 spins)
    ✗ "Cimafunk" not in catalog — no edge (collaborated-with)
    ✗ "Cimafunk" not in catalog — no edge (collaborated-with)
    ✗ "The Soul Rebels" not in catalog — no edge (collaborated-with)
    ✗ "The Soul Rebels" not in catalog — no edge (collaborated-with)
    ✗ "Big Freedia" not in catalog — no edge (collaborated-with)
    ✓ Tank and the Bangas —collaborated-with→ Lianne La Havas  “The band has played festivals all over the country, and has opened for…”
  — Ethan Keller (278 spins)
  — Sasha Keable (275 spins)
    ✗ "Disclosure" not in catalog — no edge (collaborated-with)
    ✗ "Sam Smith" not in catalog — no edge (collaborated-with)
  — NILEXNILE (273 spins)
  — Tierra Whack (271 spins)
    ✗ "Lauryn Hill" not in catalog — no edge (influenced-by)
    ✓ Tierra Whack —influenced-by→ Missy Elliott  “Tierra Whack says she was influenced by the music of Lauryn Hill, Miss…”
    ✗ "Eminem" not in catalog — no edge (influenced-by)
    ✗ "Stevie Wonder" not in catalog — no edge (influenced-by)
    ✗ "J Melodic" not in catalog — no edge (collaborated-with)
    ✗ "Meek Mill" not in catalog — no edge (collaborated-with)
    ✗ "Childish Gambino" not in catalog — no edge (collaborated-with)
    ✗ "6LACK" not in catalog — no edge (collaborated-with)
    ✗ "Meek Mill" not in catalog — no edge (compared-to)
    ✗ "A$AP Rocky" not in catalog — no edge (compared-to)
    ✓ Tierra Whack —collaborated-with→ Beyoncé  “The 27-track album ... features an impressive set of headliners like J…”
    ✗ "Childish Gambino" not in catalog — no edge (collaborated-with)
    ✓ Tierra Whack —collaborated-with→ Kendrick Lamar  “The 27-track album ... features an impressive set of headliners like J…”
  — Shonn Hinton & Shotgun (266 spins)
  — Jean Grae (255 spins)
    ✓ Jean Grae —collaborated-with→ The Roots  “She collaborated with The Roots, Masta Ace, Phonte and many more.…”
    ✗ "Masta Ace" not in catalog — no edge (collaborated-with)
    ✗ "Phonte" not in catalog — no edge (collaborated-with)
    ✗ "Quelle Chris" not in catalog — no edge (collaborated-with)
    ✗ "Blue Sky Black Death" not in catalog — no edge (collaborated-with)
    ✗ "Chen Lo" not in catalog — no edge (collaborated-with)
  — Kyle Feerick (255 spins)
  — Sleepy Brown (252 spins)
    ✗ "Outkast" not in catalog — no edge (collaborated-with)
    ✗ "Outkast" not in catalog — no edge (collaborated-with)
    ✗ "TLC" not in catalog — no edge (collaborated-with)
    ✓ Sleepy Brown —collaborated-with→ Brandy  “Producer Sleepy Brown has produced and written songs for some of music…”
    ✗ "Big Boi" not in catalog — no edge (collaborated-with)
    ✗ "Big Boi" not in catalog — no edge (collaborated-with)
  — Trapper Schoepp (247 spins)
    ✗ "Paul Brady" not in catalog — no edge (influenced-by)
    ✗ "Johnny Cash" not in catalog — no edge (influenced-by)
    ✗ "Bob Dylan" not in catalog — no edge (collaborated-with)
  — Baby Rose (239 spins)
    ✗ "Georgia Anne Muldrow" not in catalog — no edge (collaborated-with)
    ✗ "Georgia Anne Muldrow" not in catalog — no edge (collaborated-with)
    ✗ "Leon Thomas" not in catalog — no edge (compared-to)
    ✓ Baby Rose —compared-to→ Sasha Keable  ““🎵 Baby Rose, YEARNALISM (Secretly Canadian) RIYL: Leon Thomas, Sasha…”
  — Ben Westbeech (237 spins)
  — Darondo (230 spins)
  — Ian McCullough (230 spins)
    ✗ "Lou" not in catalog — no edge (influenced-by)
    ✗ "Bowie" not in catalog — no edge (influenced-by)
    ✗ "Abba" not in catalog — no edge (influenced-by)
    ✗ "Noel" not in catalog — no edge (negative)
    ✗ "Oasis" not in catalog — no edge (negative)
  — Valerie June (228 spins)
    ✗ "Carla Thomas" not in catalog — no edge (collaborated-with)
    ✗ "Carla Thomas" not in catalog — no edge (influenced-by)
    ✗ "Meshell Ndegeocello" not in catalog — no edge (collaborated-with)
    ✗ "Nina Simone" not in catalog — no edge (influenced-by)
    ✗ "Mississippi John Hurt" not in catalog — no edge (influenced-by)
    ✗ "Elizabeth Cotten" not in catalog — no edge (influenced-by)
    ✗ "Leonard Cohen" not in catalog — no edge (influenced-by)
    ✗ "Bob Dylan" not in catalog — no edge (influenced-by)
    ✗ "The Rolling Stones" not in catalog — no edge (influenced-by)
    ✗ "Bessie Smith" not in catalog — no edge (influenced-by)
    ✗ "Skip James" not in catalog — no edge (influenced-by)
    ✗ "Billie Holiday" not in catalog — no edge (influenced-by)
  — Tom Misch (228 spins)
    ✗ "Yussef Dayes" not in catalog — no edge (collaborated-with)
    ✗ "Yussef Dayes" not in catalog — no edge (collaborated-with)
    ✗ "John Mayer" not in catalog — no edge (collaborated-with)
    ✗ "Jordan Rakei" not in catalog — no edge (collaborated-with)
    ✗ "Rocco Palladino" not in catalog — no edge (collaborated-with)
    ✗ "Joel Culpepper" not in catalog — no edge (collaborated-with)
    ✗ "Jordan Rakei" not in catalog — no edge (collaborated-with)
    ✓ Tom Misch —collaborated-with→ FKJ  “Tom Misch has been putting in work at a prolific rate through his coll…”
    ✗ "Carmody" not in catalog — no edge (collaborated-with)
    ✓ Tom Misch —collaborated-with→ De La Soul  “comes "It Runs Through Me," featuring the iconic hip-hop trio De La So…”
    ✗ "Freddie Gibbs" not in catalog — no edge (collaborated-with)
    ✗ "Jordan Rakei" not in catalog — no edge (collaborated-with)
  — Bowvee (228 spins)
  — Abby Jeanne (223 spins)
    ✓ Abby Jeanne —compared-to→ Sylvan Esso  “- Sylvan Esso…”
    ✗ "Tei Shi" not in catalog — no edge (compared-to)
    ✗ "Alessia Cara" not in catalog — no edge (compared-to)
  — Decibully (223 spins)
  — Xposed 4Heads (222 spins)
  — Brett Newski (220 spins)
  — India Shawn (220 spins)
    ✓ India Shawn —collaborated-with→ Anderson .Paak  “India, formerly a background singer for .Paak and now an emerging solo…”
    ✗ "Free Nationals" not in catalog — no edge (collaborated-with)
    ✗ "Chronixx" not in catalog — no edge (collaborated-with)
  — SAULT (215 spins)
    ✓ SAULT —collaborated-with→ Little Simz  “SAULT is a constellation of musicians connected to rapper Little Simz,…”
    ✗ "Inflo" not in catalog — no edge (collaborated-with)
    ✗ "Cleo Sol" not in catalog — no edge (collaborated-with)
  — Beyoncé (211 spins)
    ✗ "Dolly Parton" not in catalog — no edge (collaborated-with)
    ✗ "The Beatles" not in catalog — no edge (influenced-by)
    ✗ "Chuck Berry" not in catalog — no edge (influenced-by)
    ✗ "Willie Nelson" not in catalog — no edge (collaborated-with)
    ✗ "Miley Cyrus" not in catalog — no edge (collaborated-with)
    ✗ "Post Malone" not in catalog — no edge (collaborated-with)
    ✗ "Shaboozey" not in catalog — no edge (collaborated-with)
    ✗ "Linda Martell" not in catalog — no edge (collaborated-with)
    ✗ "Willie Jones" not in catalog — no edge (collaborated-with)
    ✗ "Tanner Adell" not in catalog — no edge (collaborated-with)
    ✗ "Brittney Spencer" not in catalog — no edge (collaborated-with)
    ✗ "Tiera Kennedy" not in catalog — no edge (collaborated-with)
    ✗ "Reyna Roberts" not in catalog — no edge (collaborated-with)
    ✗ "Adam Granduciel" not in catalog — no edge (collaborated-with)
    ✗ "Jonathan Rado" not in catalog — no edge (collaborated-with)
    ✗ "Pino Palladino" not in catalog — no edge (collaborated-with)
    ✗ "Rumi Carter" not in catalog — no edge (collaborated-with)
    ✓ Beyoncé —collaborated-with→ Pharrell Williams  “the credits also reveal that Beyoncé collaborated with Pharrell Willia…”
    ✗ "Nile Rodgers" not in catalog — no edge (collaborated-with)
    ✗ "Jon Batiste" not in catalog — no edge (collaborated-with)
    ✓ Beyoncé —collaborated-with→ JAŸ-Z  “the credits also reveal that Beyoncé collaborated with Pharrell Willia…”
    ✗ "Raphael Saadiq" not in catalog — no edge (collaborated-with)
    ✗ "Hit-Boy" not in catalog — no edge (collaborated-with)
    ✗ "The-Dream" not in catalog — no edge (collaborated-with)
    ✗ "070 Shake" not in catalog — no edge (collaborated-with)
    ✗ "Swizz Beatz" not in catalog — no edge (collaborated-with)
    ✗ "Ryan Tedder" not in catalog — no edge (collaborated-with)
    ✗ "Childish Gambino" not in catalog — no edge (collaborated-with)
    ✓ Beyoncé —collaborated-with→ Kendrick Lamar  “The 27-track album…features an impressive set of headliners like Jay-Z…”
    ✓ Beyoncé —influenced-by→ Fela Kuti  “her headlining Coachella performance interpolated Fela Kuti, which can…”
    ✗ "Yeah Yeah Yeahs" not in catalog — no edge (influenced-by)
    ✓ Beyoncé —influenced-by→ Animal Collective  “Lemonade places…Alan Lomax field recordings right next to quoted lyric…”
    ✗ "Soulja Boy" not in catalog — no edge (influenced-by)
    ✗ "Rhiannon Giddens" not in catalog — no edge (collaborated-with)
  — Hiatus Kaiyote (206 spins)
    ✓ Hiatus Kaiyote —influenced-by→ Kendrick Lamar  “Still, some people seem most confident in classifying the group based …”
    ✓ Hiatus Kaiyote —influenced-by→ Beyoncé  “some people seem most confident in classifying the group based on the …”
    ✗ "Drake" not in catalog — no edge (influenced-by)
    ✗ "Q-Tip" not in catalog — no edge (collaborated-with)
    ✗ "Arthur Verocai" not in catalog — no edge (collaborated-with)
    ✗ "?uestlove" not in catalog — no edge (compared-to)
    ✗ "Gilles Peterson" not in catalog — no edge (compared-to)
  — Hoodlem (201 spins)
  — Sylvan Esso (198 spins)
    ✗ "Megafaun" not in catalog — no edge (collaborated-with)
    ✗ "Mountain Man" not in catalog — no edge (collaborated-with)
    ✗ "Megafaun" not in catalog — no edge (collaborated-with)
    ✗ "Mountain Man" not in catalog — no edge (collaborated-with)
    ✗ "Múm" not in catalog — no edge (compared-to)
  — Sudan Archives (193 spins)
    ✗ "Ben Dickey" not in catalog — no edge (collaborated-with)
    ✗ "Washed Out" not in catalog — no edge (collaborated-with)
    ✗ "Paul White" not in catalog — no edge (collaborated-with)
    ✗ "Rodaidh McDonald" not in catalog — no edge (collaborated-with)
    ✗ "Martin Kohlstedt" not in catalog — no edge (collaborated-with)
    ✗ "Francis Bebey" not in catalog — no edge (influenced-by)
    ✗ "Asim Gorashi" not in catalog — no edge (influenced-by)
    ✓ Sudan Archives —collaborated-with→ Kendrick Lamar  “at times, the celestial grooves of Sink evoke “Queen Kunta”—her brilli…”
    ✓ Sudan Archives —compared-to→ Erykah Badu  “via a memorable encounter with Erykah Badu and more, Sudan Archives se…”
  — Joe Richter (192 spins)
  — Danielle Ponder (191 spins)
  — Little Simz (191 spins)
    ✗ "Lauryn Hill" not in catalog — no edge (compared-to)
    ✓ Little Simz —compared-to→ Kendrick Lamar  “with comparisons to iconoclasts like Lauryn Hill and praise from craft…”
    ✓ Little Simz —compared-to→ JAŸ-Z  “She caught the attention of Jay-Z, who premiered the video for her son…”
    ✗ "Cleo Sol" not in catalog — no edge (collaborated-with)
  — Tall Black Guy (189 spins)
    ✗ "Roy Ayers" not in catalog — no edge (influenced-by)
    ✗ "Aretha Franklin" not in catalog — no edge (influenced-by)
    ✗ "Michael Jackson" not in catalog — no edge (influenced-by)
    ✗ "Ozay Moore" not in catalog — no edge (collaborated-with)
  
  Editorial extraction session: scanned 50 of the station's most-played artists against 5 music journalism sources via Perplexity (sonar-pro). Found 322 candidate connections; 60 became typed editorial edges (quote + citation as receipt), 9 were already known, 253 mentioned artists outside the catalog and were dropped, 0 fell under the 0.5 confidence floor, and 0 cited pages outside the source registry. Spend: 50 requests, ~35416 tokens, estimated $0.74 (cap: 50 artists/session). No article text stored.
  DataHub documentation skipped (GMS GraphQL HTTP 404 for http://localhost:8080)
  editorial session complete.
